{"__type":"$$EventMessageAudit","id":"5466a10b-ca81-47fd-beb8-fd4d055e112c","ts":"2026-06-29T09:32:27.643+00:00","eventName":"n8n.audit.workflow.created","message":"n8n.audit.workflow.created","payload":{"userId":"f7035a6e-1274-42c0-9498-b056fa63d1c7","_email":"ngrynai@gmail.com","_firstName":"ngryn","_lastName":"ngryn","globalRole":"global:owner","workflowId":"StmExRftk0QiRcCu","workflowName":"My workflow"}}
{"__type":"$$EventMessageConfirm","confirm":"5466a10b-ca81-47fd-beb8-fd4d055e112c","ts":"2026-06-29T09:32:27.643+00:00","source":{"id":"0","name":"eventBus"}}
{"__type":"$$EventMessageAudit","id":"22b83061-5e2e-4ed7-ab58-bc0b594c6cd6","ts":"2026-06-29T09:32:41.330+00:00","eventName":"n8n.audit.workflow.updated","message":"n8n.audit.workflow.updated","payload":{"userId":"f7035a6e-1274-42c0-9498-b056fa63d1c7","_email":"ngrynai@gmail.com","_firstName":"ngryn","_lastName":"ngryn","globalRole":"global:owner","workflowId":"StmExRftk0QiRcCu","workflowName":"My workflow"}}
{"__type":"$$EventMessageConfirm","confirm":"22b83061-5e2e-4ed7-ab58-bc0b594c6cd6","ts":"2026-06-29T09:32:41.330+00:00","source":{"id":"0","name":"eventBus"}}
{"__type":"$$EventMessageAudit","id":"32033e2f-68ec-40ab-936e-e7dfbbae10a4","ts":"2026-06-29T09:33:42.158+00:00","eventName":"n8n.audit.workflow.updated","message":"n8n.audit.workflow.updated","payload":{"userId":"f7035a6e-1274-42c0-9498-b056fa63d1c7","_email":"ngrynai@gmail.com","_firstName":"ngryn","_lastName":"ngryn","globalRole":"global:owner","workflowId":"StmExRftk0QiRcCu","workflowName":"My workflow"}}
{"__type":"$$EventMessageConfirm","confirm":"32033e2f-68ec-40ab-936e-e7dfbbae10a4","ts":"2026-06-29T09:33:42.158+00:00","source":{"id":"0","name":"eventBus"}}
{"__type":"$$EventMessageAudit","id":"3eeda425-f595-452b-b09c-e75815ab4ec1","ts":"2026-06-29T09:35:03.476+00:00","eventName":"n8n.audit.workflow.executed","message":"n8n.audit.workflow.executed","payload":{"userId":"f7035a6e-1274-42c0-9498-b056fa63d1c7","_email":"ngrynai@gmail.com","_firstName":"ngryn","_lastName":"ngryn","globalRole":"global:owner","workflowId":"StmExRftk0QiRcCu","workflowName":"My workflow","executionId":"1","source":"user-manual"}}
{"__type":"$$EventMessageConfirm","confirm":"3eeda425-f595-452b-b09c-e75815ab4ec1","ts":"2026-06-29T09:35:03.476+00:00","source":{"id":"0","name":"eventBus"}}
{"__type":"$$EventMessageWorkflow","id":"34754cd7-631d-46cd-9267-3429c9790231","ts":"2026-06-29T09:35:03.479+00:00","eventName":"n8n.workflow.started","message":"n8n.workflow.started","payload":{"executionId":"1","workflowId":"StmExRftk0QiRcCu","isManual":false,"mode":"manual","workflowName":"My workflow","projectId":"D07tMhCMaoQyoWQT","projectName":"ngryn ngryn <ngrynai@gmail.com>"}}
{"__type":"$$EventMessageConfirm","confirm":"34754cd7-631d-46cd-9267-3429c9790231","ts":"2026-06-29T09:35:03.479+00:00","source":{"id":"0","name":"eventBus"}}
{"__type":"$$EventMessageNode","id":"dd19535f-5677-4ffc-a6c5-9c55084b3bf6","ts":"2026-06-29T09:35:03.488+00:00","eventName":"n8n.node.started","message":"n8n.node.started","payload":{"workflowId":"StmExRftk0QiRcCu","workflowName":"My workflow","executionId":"1","nodeType":"n8n-nodes-base.scheduleTrigger","nodeName":"Schedule Trigger","nodeId":"681bddb6-302c-4cd6-81ca-5b9d76338e50"}}
{"__type":"$$EventMessageConfirm","confirm":"dd19535f-5677-4ffc-a6c5-9c55084b3bf6","ts":"2026-06-29T09:35:03.488+00:00","source":{"id":"0","name":"eventBus"}}
{"__type":"$$EventMessageNode","id":"26c3f701-7b28-4c82-a0b4-87e1d2352d15","ts":"2026-06-29T09:35:03.496+00:00","eventName":"n8n.node.finished","message":"n8n.node.finished","payload":{"workflowId":"StmExRftk0QiRcCu","workflowName":"My workflow","executionId":"1","nodeType":"n8n-nodes-base.scheduleTrigger","nodeName":"Schedule Trigger","nodeId":"681bddb6-302c-4cd6-81ca-5b9d76338e50"}}
{"__type":"$$EventMessageConfirm","confirm":"26c3f701-7b28-4c82-a0b4-87e1d2352d15","ts":"2026-06-29T09:35:03.496+00:00","source":{"id":"0","name":"eventBus"}}
{"__type":"$$EventMessageWorkflow","id":"9c0e07e9-2a57-4f34-b54d-b14a92f7ec12","ts":"2026-06-29T09:35:03.499+00:00","eventName":"n8n.workflow.success","message":"n8n.workflow.success","payload":{"userId":"f7035a6e-1274-42c0-9498-b056fa63d1c7","executionId":"1","success":true,"isManual":true,"mode":"manual","workflowId":"StmExRftk0QiRcCu","workflowName":"My workflow","projectId":"D07tMhCMaoQyoWQT","projectName":"ngryn ngryn <ngrynai@gmail.com>"}}
{"__type":"$$EventMessageConfirm","confirm":"9c0e07e9-2a57-4f34-b54d-b14a92f7ec12","ts":"2026-06-29T09:35:03.499+00:00","source":{"id":"0","name":"eventBus"}}
{"__type":"$$EventMessageAudit","id":"3b3b1157-b998-46df-9625-19be800e0729","ts":"2026-06-29T09:36:08.916+00:00","eventName":"n8n.audit.workflow.executed","message":"n8n.audit.workflow.executed","payload":{"userId":"f7035a6e-1274-42c0-9498-b056fa63d1c7","_email":"ngrynai@gmail.com","_firstName":"ngryn","_lastName":"ngryn","globalRole":"global:owner","workflowId":"StmExRftk0QiRcCu","workflowName":"My workflow","executionId":"2","source":"user-manual"}}
{"__type":"$$EventMessageConfirm","confirm":"3b3b1157-b998-46df-9625-19be800e0729","ts":"2026-06-29T09:36:08.916+00:00","source":{"id":"0","name":"eventBus"}}
{"__type":"$$EventMessageWorkflow","id":"9695d1a4-4366-425b-8e45-38af47919e74","ts":"2026-06-29T09:36:08.917+00:00","eventName":"n8n.workflow.started","message":"n8n.workflow.started","payload":{"executionId":"2","workflowId":"StmExRftk0QiRcCu","isManual":false,"mode":"manual","workflowName":"My workflow","projectId":"D07tMhCMaoQyoWQT","projectName":"ngryn ngryn <ngrynai@gmail.com>"}}
{"__type":"$$EventMessageConfirm","confirm":"9695d1a4-4366-425b-8e45-38af47919e74","ts":"2026-06-29T09:36:08.917+00:00","source":{"id":"0","name":"eventBus"}}
{"__type":"$$EventMessageNode","id":"a731570a-9b45-44cc-8284-137b436efc12","ts":"2026-06-29T09:36:08.929+00:00","eventName":"n8n.node.started","message":"n8n.node.started","payload":{"workflowId":"StmExRftk0QiRcCu","workflowName":"My workflow","executionId":"2","nodeType":"n8n-nodes-base.scheduleTrigger","nodeName":"Schedule Trigger","nodeId":"681bddb6-302c-4cd6-81ca-5b9d76338e50"}}
{"__type":"$$EventMessageConfirm","confirm":"a731570a-9b45-44cc-8284-137b436efc12","ts":"2026-06-29T09:36:08.929+00:00","source":{"id":"0","name":"eventBus"}}
{"__type":"$$EventMessageNode","id":"195757ed-d9b1-4b72-9c82-71c181df7b35","ts":"2026-06-29T09:36:08.929+00:00","eventName":"n8n.node.finished","message":"n8n.node.finished","payload":{"workflowId":"StmExRftk0QiRcCu","workflowName":"My workflow","executionId":"2","nodeType":"n8n-nodes-base.scheduleTrigger","nodeName":"Schedule Trigger","nodeId":"681bddb6-302c-4cd6-81ca-5b9d76338e50"}}
{"__type":"$$EventMessageConfirm","confirm":"195757ed-d9b1-4b72-9c82-71c181df7b35","ts":"2026-06-29T09:36:08.930+00:00","source":{"id":"0","name":"eventBus"}}
{"__type":"$$EventMessageWorkflow","id":"53f74f12-f903-4c66-82ea-b40188850179","ts":"2026-06-29T09:36:08.931+00:00","eventName":"n8n.workflow.success","message":"n8n.workflow.success","payload":{"userId":"f7035a6e-1274-42c0-9498-b056fa63d1c7","executionId":"2","success":true,"isManual":true,"mode":"manual","workflowId":"StmExRftk0QiRcCu","workflowName":"My workflow","projectId":"D07tMhCMaoQyoWQT","projectName":"ngryn ngryn <ngrynai@gmail.com>"}}
{"__type":"$$EventMessageConfirm","confirm":"53f74f12-f903-4c66-82ea-b40188850179","ts":"2026-06-29T09:36:08.931+00:00","source":{"id":"0","name":"eventBus"}}
{"__type":"$$EventMessageAudit","id":"b2d4c36e-85dd-4c82-9598-0ac097b2367b","ts":"2026-06-29T09:37:09.963+00:00","eventName":"n8n.audit.workflow.executed","message":"n8n.audit.workflow.executed","payload":{"userId":"f7035a6e-1274-42c0-9498-b056fa63d1c7","_email":"ngrynai@gmail.com","_firstName":"ngryn","_lastName":"ngryn","globalRole":"global:owner","workflowId":"StmExRftk0QiRcCu","workflowName":"My workflow","executionId":"3","source":"user-manual"}}
{"__type":"$$EventMessageConfirm","confirm":"b2d4c36e-85dd-4c82-9598-0ac097b2367b","ts":"2026-06-29T09:37:09.963+00:00","source":{"id":"0","name":"eventBus"}}
{"__type":"$$EventMessageWorkflow","id":"90c40feb-d7a4-402d-8447-980aa6f257ed","ts":"2026-06-29T09:37:09.963+00:00","eventName":"n8n.workflow.started","message":"n8n.workflow.started","payload":{"executionId":"3","workflowId":"StmExRftk0QiRcCu","isManual":false,"mode":"manual","workflowName":"My workflow","projectId":"D07tMhCMaoQyoWQT","projectName":"ngryn ngryn <ngrynai@gmail.com>"}}
{"__type":"$$EventMessageConfirm","confirm":"90c40feb-d7a4-402d-8447-980aa6f257ed","ts":"2026-06-29T09:37:09.963+00:00","source":{"id":"0","name":"eventBus"}}
{"__type":"$$EventMessageNode","id":"2fb90777-2e69-4d0a-bffc-4606d39472f5","ts":"2026-06-29T09:37:09.972+00:00","eventName":"n8n.node.started","message":"n8n.node.started","payload":{"workflowId":"StmExRftk0QiRcCu","workflowName":"My workflow","executionId":"3","nodeType":"n8n-nodes-base.scheduleTrigger","nodeName":"Schedule Trigger","nodeId":"681bddb6-302c-4cd6-81ca-5b9d76338e50"}}
{"__type":"$$EventMessageConfirm","confirm":"2fb90777-2e69-4d0a-bffc-4606d39472f5","ts":"2026-06-29T09:37:09.972+00:00","source":{"id":"0","name":"eventBus"}}
{"__type":"$$EventMessageNode","id":"c347b896-30d9-41d1-8416-f275c7c5b273","ts":"2026-06-29T09:37:09.973+00:00","eventName":"n8n.node.finished","message":"n8n.node.finished","payload":{"workflowId":"StmExRftk0QiRcCu","workflowName":"My workflow","executionId":"3","nodeType":"n8n-nodes-base.scheduleTrigger","nodeName":"Schedule Trigger","nodeId":"681bddb6-302c-4cd6-81ca-5b9d76338e50"}}
{"__type":"$$EventMessageConfirm","confirm":"c347b896-30d9-41d1-8416-f275c7c5b273","ts":"2026-06-29T09:37:09.973+00:00","source":{"id":"0","name":"eventBus"}}
{"__type":"$$EventMessageWorkflow","id":"ad6d1da8-9171-4e9e-a7cc-b27716f771ca","ts":"2026-06-29T09:37:09.975+00:00","eventName":"n8n.workflow.success","message":"n8n.workflow.success","payload":{"userId":"f7035a6e-1274-42c0-9498-b056fa63d1c7","executionId":"3","success":true,"isManual":true,"mode":"manual","workflowId":"StmExRftk0QiRcCu","workflowName":"My workflow","projectId":"D07tMhCMaoQyoWQT","projectName":"ngryn ngryn <ngrynai@gmail.com>"}}
{"__type":"$$EventMessageConfirm","confirm":"ad6d1da8-9171-4e9e-a7cc-b27716f771ca","ts":"2026-06-29T09:37:09.975+00:00","source":{"id":"0","name":"eventBus"}}
{"__type":"$$EventMessageAudit","id":"54a2dff8-ed42-4c0a-b976-8900cbacc9a6","ts":"2026-06-29T09:40:23.255+00:00","eventName":"n8n.audit.workflow.updated","message":"n8n.audit.workflow.updated","payload":{"userId":"f7035a6e-1274-42c0-9498-b056fa63d1c7","_email":"ngrynai@gmail.com","_firstName":"ngryn","_lastName":"ngryn","globalRole":"global:owner","workflowId":"StmExRftk0QiRcCu","workflowName":"My workflow"}}
{"__type":"$$EventMessageConfirm","confirm":"54a2dff8-ed42-4c0a-b976-8900cbacc9a6","ts":"2026-06-29T09:40:23.255+00:00","source":{"id":"0","name":"eventBus"}}
{"__type":"$$EventMessageAudit","id":"ebfc992c-c561-4315-a028-ec917a0e348b","ts":"2026-06-29T09:41:08.027+00:00","eventName":"n8n.audit.workflow.updated","message":"n8n.audit.workflow.updated","payload":{"userId":"f7035a6e-1274-42c0-9498-b056fa63d1c7","_email":"ngrynai@gmail.com","_firstName":"ngryn","_lastName":"ngryn","globalRole":"global:owner","workflowId":"StmExRftk0QiRcCu","workflowName":"My workflow"}}
{"__type":"$$EventMessageConfirm","confirm":"ebfc992c-c561-4315-a028-ec917a0e348b","ts":"2026-06-29T09:41:08.027+00:00","source":{"id":"0","name":"eventBus"}}
{"__type":"$$EventMessageAudit","id":"3a6aadd0-64f4-4456-8886-c06faa425b93","ts":"2026-06-29T09:41:14.137+00:00","eventName":"n8n.audit.workflow.updated","message":"n8n.audit.workflow.updated","payload":{"userId":"f7035a6e-1274-42c0-9498-b056fa63d1c7","_email":"ngrynai@gmail.com","_firstName":"ngryn","_lastName":"ngryn","globalRole":"global:owner","workflowId":"StmExRftk0QiRcCu","workflowName":"My workflow"}}
{"__type":"$$EventMessageConfirm","confirm":"3a6aadd0-64f4-4456-8886-c06faa425b93","ts":"2026-06-29T09:41:14.137+00:00","source":{"id":"0","name":"eventBus"}}
{"__type":"$$EventMessageAudit","id":"4b025a0b-8f52-4906-89e4-89473b5ce688","ts":"2026-06-29T09:41:19.988+00:00","eventName":"n8n.audit.workflow.updated","message":"n8n.audit.workflow.updated","payload":{"userId":"f7035a6e-1274-42c0-9498-b056fa63d1c7","_email":"ngrynai@gmail.com","_firstName":"ngryn","_lastName":"ngryn","globalRole":"global:owner","workflowId":"StmExRftk0QiRcCu","workflowName":"My workflow"}}
{"__type":"$$EventMessageConfirm","confirm":"4b025a0b-8f52-4906-89e4-89473b5ce688","ts":"2026-06-29T09:41:19.988+00:00","source":{"id":"0","name":"eventBus"}}
{"__type":"$$EventMessageAudit","id":"102bf6f1-a4c3-4ec4-87b5-cc2b341f07d8","ts":"2026-06-29T09:41:25.231+00:00","eventName":"n8n.audit.workflow.updated","message":"n8n.audit.workflow.updated","payload":{"userId":"f7035a6e-1274-42c0-9498-b056fa63d1c7","_email":"ngrynai@gmail.com","_firstName":"ngryn","_lastName":"ngryn","globalRole":"global:owner","workflowId":"StmExRftk0QiRcCu","workflowName":"My workflow"}}
{"__type":"$$EventMessageConfirm","confirm":"102bf6f1-a4c3-4ec4-87b5-cc2b341f07d8","ts":"2026-06-29T09:41:25.231+00:00","source":{"id":"0","name":"eventBus"}}
{"__type":"$$EventMessageAudit","id":"a6b58aa1-bdd8-49bf-82c9-7b6ef5ddc42d","ts":"2026-06-29T09:41:41.918+00:00","eventName":"n8n.audit.workflow.executed","message":"n8n.audit.workflow.executed","payload":{"userId":"f7035a6e-1274-42c0-9498-b056fa63d1c7","_email":"ngrynai@gmail.com","_firstName":"ngryn","_lastName":"ngryn","globalRole":"global:owner","workflowId":"StmExRftk0QiRcCu","workflowName":"My workflow","executionId":"4","source":"user-manual"}}
{"__type":"$$EventMessageConfirm","confirm":"a6b58aa1-bdd8-49bf-82c9-7b6ef5ddc42d","ts":"2026-06-29T09:41:41.919+00:00","source":{"id":"0","name":"eventBus"}}
{"__type":"$$EventMessageWorkflow","id":"2ee782d8-b6ce-46fc-bba1-127dfc4d20db","ts":"2026-06-29T09:41:41.919+00:00","eventName":"n8n.workflow.started","message":"n8n.workflow.started","payload":{"executionId":"4","workflowId":"StmExRftk0QiRcCu","isManual":false,"mode":"manual","workflowName":"My workflow","projectId":"D07tMhCMaoQyoWQT","projectName":"ngryn ngryn <ngrynai@gmail.com>"}}
{"__type":"$$EventMessageConfirm","confirm":"2ee782d8-b6ce-46fc-bba1-127dfc4d20db","ts":"2026-06-29T09:41:41.919+00:00","source":{"id":"0","name":"eventBus"}}
{"__type":"$$EventMessageNode","id":"461b8fa7-4db9-4a52-b956-42e6d0f9e0ec","ts":"2026-06-29T09:41:41.930+00:00","eventName":"n8n.node.started","message":"n8n.node.started","payload":{"workflowId":"StmExRftk0QiRcCu","workflowName":"My workflow","executionId":"4","nodeType":"n8n-nodes-base.scheduleTrigger","nodeName":"Schedule Trigger","nodeId":"681bddb6-302c-4cd6-81ca-5b9d76338e50"}}
{"__type":"$$EventMessageConfirm","confirm":"461b8fa7-4db9-4a52-b956-42e6d0f9e0ec","ts":"2026-06-29T09:41:41.930+00:00","source":{"id":"0","name":"eventBus"}}
{"__type":"$$EventMessageNode","id":"507eead0-80b7-4732-aa6e-9f665db3bfeb","ts":"2026-06-29T09:41:41.932+00:00","eventName":"n8n.node.finished","message":"n8n.node.finished","payload":{"workflowId":"StmExRftk0QiRcCu","workflowName":"My workflow","executionId":"4","nodeType":"n8n-nodes-base.scheduleTrigger","nodeName":"Schedule Trigger","nodeId":"681bddb6-302c-4cd6-81ca-5b9d76338e50"}}
{"__type":"$$EventMessageConfirm","confirm":"507eead0-80b7-4732-aa6e-9f665db3bfeb","ts":"2026-06-29T09:41:41.932+00:00","source":{"id":"0","name":"eventBus"}}
{"__type":"$$EventMessageNode","id":"2a025f4a-6f5c-461d-8692-d0dfb7d9ec69","ts":"2026-06-29T09:41:41.933+00:00","eventName":"n8n.node.started","message":"n8n.node.started","payload":{"workflowId":"StmExRftk0QiRcCu","workflowName":"My workflow","executionId":"4","nodeType":"n8n-nodes-base.set","nodeName":"Edit Fields","nodeId":"ee343a2e-e874-4c71-b522-cde4600c9b3e"}}
{"__type":"$$EventMessageConfirm","confirm":"2a025f4a-6f5c-461d-8692-d0dfb7d9ec69","ts":"2026-06-29T09:41:41.933+00:00","source":{"id":"0","name":"eventBus"}}
{"__type":"$$EventMessageNode","id":"f806a670-893d-4f22-a15a-7a80e97fc22f","ts":"2026-06-29T09:41:41.935+00:00","eventName":"n8n.node.finished","message":"n8n.node.finished","payload":{"workflowId":"StmExRftk0QiRcCu","workflowName":"My workflow","executionId":"4","nodeType":"n8n-nodes-base.set","nodeName":"Edit Fields","nodeId":"ee343a2e-e874-4c71-b522-cde4600c9b3e"}}
{"__type":"$$EventMessageConfirm","confirm":"f806a670-893d-4f22-a15a-7a80e97fc22f","ts":"2026-06-29T09:41:41.936+00:00","source":{"id":"0","name":"eventBus"}}
{"__type":"$$EventMessageWorkflow","id":"1553d524-42d2-4335-b112-d9bd98ac85a9","ts":"2026-06-29T09:41:41.938+00:00","eventName":"n8n.workflow.success","message":"n8n.workflow.success","payload":{"userId":"f7035a6e-1274-42c0-9498-b056fa63d1c7","executionId":"4","success":true,"isManual":true,"mode":"manual","workflowId":"StmExRftk0QiRcCu","workflowName":"My workflow","projectId":"D07tMhCMaoQyoWQT","projectName":"ngryn ngryn <ngrynai@gmail.com>"}}
{"__type":"$$EventMessageConfirm","confirm":"1553d524-42d2-4335-b112-d9bd98ac85a9","ts":"2026-06-29T09:41:41.938+00:00","source":{"id":"0","name":"eventBus"}}
{"__type":"$$EventMessageAudit","id":"d32bc58c-342c-48d4-8067-a1d4f291d37d","ts":"2026-06-29T09:44:06.118+00:00","eventName":"n8n.audit.workflow.updated","message":"n8n.audit.workflow.updated","payload":{"userId":"f7035a6e-1274-42c0-9498-b056fa63d1c7","_email":"ngrynai@gmail.com","_firstName":"ngryn","_lastName":"ngryn","globalRole":"global:owner","workflowId":"StmExRftk0QiRcCu","workflowName":"My workflow"}}
{"__type":"$$EventMessageConfirm","confirm":"d32bc58c-342c-48d4-8067-a1d4f291d37d","ts":"2026-06-29T09:44:06.118+00:00","source":{"id":"0","name":"eventBus"}}
{"__type":"$$EventMessageAudit","id":"f6bb1368-3f02-4505-abef-472739352724","ts":"2026-06-29T09:44:23.580+00:00","eventName":"n8n.audit.workflow.updated","message":"n8n.audit.workflow.updated","payload":{"userId":"f7035a6e-1274-42c0-9498-b056fa63d1c7","_email":"ngrynai@gmail.com","_firstName":"ngryn","_lastName":"ngryn","globalRole":"global:owner","workflowId":"StmExRftk0QiRcCu","workflowName":"My workflow"}}
{"__type":"$$EventMessageConfirm","confirm":"f6bb1368-3f02-4505-abef-472739352724","ts":"2026-06-29T09:44:23.580+00:00","source":{"id":"0","name":"eventBus"}}
{"__type":"$$EventMessageAudit","id":"bbdd3a8b-059d-4653-a6a2-1baccc3fa062","ts":"2026-06-29T09:44:26.345+00:00","eventName":"n8n.audit.workflow.updated","message":"n8n.audit.workflow.updated","payload":{"userId":"f7035a6e-1274-42c0-9498-b056fa63d1c7","_email":"ngrynai@gmail.com","_firstName":"ngryn","_lastName":"ngryn","globalRole":"global:owner","workflowId":"StmExRftk0QiRcCu","workflowName":"My workflow"}}
{"__type":"$$EventMessageConfirm","confirm":"bbdd3a8b-059d-4653-a6a2-1baccc3fa062","ts":"2026-06-29T09:44:26.345+00:00","source":{"id":"0","name":"eventBus"}}
{"__type":"$$EventMessageAudit","id":"d5639184-6a9e-446a-b6cb-ef551ac42ea6","ts":"2026-06-29T09:49:55.281+00:00","eventName":"n8n.audit.workflow.updated","message":"n8n.audit.workflow.updated","payload":{"userId":"f7035a6e-1274-42c0-9498-b056fa63d1c7","_email":"ngrynai@gmail.com","_firstName":"ngryn","_lastName":"ngryn","globalRole":"global:owner","workflowId":"StmExRftk0QiRcCu","workflowName":"My workflow"}}
{"__type":"$$EventMessageConfirm","confirm":"d5639184-6a9e-446a-b6cb-ef551ac42ea6","ts":"2026-06-29T09:49:55.281+00:00","source":{"id":"0","name":"eventBus"}}
{"__type":"$$EventMessageAudit","id":"8e91f324-6ce0-4812-84a0-442bdcb61079","ts":"2026-06-29T09:50:14.011+00:00","eventName":"n8n.audit.workflow.updated","message":"n8n.audit.workflow.updated","payload":{"userId":"f7035a6e-1274-42c0-9498-b056fa63d1c7","_email":"ngrynai@gmail.com","_firstName":"ngryn","_lastName":"ngryn","globalRole":"global:owner","workflowId":"StmExRftk0QiRcCu","workflowName":"My workflow"}}
{"__type":"$$EventMessageConfirm","confirm":"8e91f324-6ce0-4812-84a0-442bdcb61079","ts":"2026-06-29T09:50:14.011+00:00","source":{"id":"0","name":"eventBus"}}
{"__type":"$$EventMessageAudit","id":"de77ec97-4b2b-46e9-a671-9440edd9aa22","ts":"2026-06-29T09:50:21.950+00:00","eventName":"n8n.audit.workflow.updated","message":"n8n.audit.workflow.updated","payload":{"userId":"f7035a6e-1274-42c0-9498-b056fa63d1c7","_email":"ngrynai@gmail.com","_firstName":"ngryn","_lastName":"ngryn","globalRole":"global:owner","workflowId":"StmExRftk0QiRcCu","workflowName":"My workflow"}}
{"__type":"$$EventMessageConfirm","confirm":"de77ec97-4b2b-46e9-a671-9440edd9aa22","ts":"2026-06-29T09:50:21.950+00:00","source":{"id":"0","name":"eventBus"}}
{"__type":"$$EventMessageAudit","id":"ef8f3e9e-e113-4012-b2dd-a470b2bd3a20","ts":"2026-06-29T09:50:24.190+00:00","eventName":"n8n.audit.workflow.updated","message":"n8n.audit.workflow.updated","payload":{"userId":"f7035a6e-1274-42c0-9498-b056fa63d1c7","_email":"ngrynai@gmail.com","_firstName":"ngryn","_lastName":"ngryn","globalRole":"global:owner","workflowId":"StmExRftk0QiRcCu","workflowName":"My workflow"}}
{"__type":"$$EventMessageConfirm","confirm":"ef8f3e9e-e113-4012-b2dd-a470b2bd3a20","ts":"2026-06-29T09:50:24.190+00:00","source":{"id":"0","name":"eventBus"}}
{"__type":"$$EventMessageAudit","id":"61e3e674-3839-4b45-a0a0-049728eb37fd","ts":"2026-06-29T09:50:44.009+00:00","eventName":"n8n.audit.workflow.updated","message":"n8n.audit.workflow.updated","payload":{"userId":"f7035a6e-1274-42c0-9498-b056fa63d1c7","_email":"ngrynai@gmail.com","_firstName":"ngryn","_lastName":"ngryn","globalRole":"global:owner","workflowId":"StmExRftk0QiRcCu","workflowName":"My workflow"}}
{"__type":"$$EventMessageConfirm","confirm":"61e3e674-3839-4b45-a0a0-049728eb37fd","ts":"2026-06-29T09:50:44.009+00:00","source":{"id":"0","name":"eventBus"}}
{"__type":"$$EventMessageAudit","id":"a8e3243d-efeb-41a6-ad46-f4534a0e178a","ts":"2026-06-29T09:51:00.086+00:00","eventName":"n8n.audit.workflow.updated","message":"n8n.audit.workflow.updated","payload":{"userId":"f7035a6e-1274-42c0-9498-b056fa63d1c7","_email":"ngrynai@gmail.com","_firstName":"ngryn","_lastName":"ngryn","globalRole":"global:owner","workflowId":"StmExRftk0QiRcCu","workflowName":"My workflow"}}
{"__type":"$$EventMessageConfirm","confirm":"a8e3243d-efeb-41a6-ad46-f4534a0e178a","ts":"2026-06-29T09:51:00.086+00:00","source":{"id":"0","name":"eventBus"}}
{"__type":"$$EventMessageAudit","id":"b359b3de-6cf1-4da0-994a-b579af1b52d9","ts":"2026-06-29T09:51:03.118+00:00","eventName":"n8n.audit.workflow.updated","message":"n8n.audit.workflow.updated","payload":{"userId":"f7035a6e-1274-42c0-9498-b056fa63d1c7","_email":"ngrynai@gmail.com","_firstName":"ngryn","_lastName":"ngryn","globalRole":"global:owner","workflowId":"StmExRftk0QiRcCu","workflowName":"My workflow"}}
{"__type":"$$EventMessageConfirm","confirm":"b359b3de-6cf1-4da0-994a-b579af1b52d9","ts":"2026-06-29T09:51:03.118+00:00","source":{"id":"0","name":"eventBus"}}
{"__type":"$$EventMessageAudit","id":"305a8a5f-6853-437d-a8ae-03ee21a031f7","ts":"2026-06-29T09:51:08.783+00:00","eventName":"n8n.audit.workflow.updated","message":"n8n.audit.workflow.updated","payload":{"userId":"f7035a6e-1274-42c0-9498-b056fa63d1c7","_email":"ngrynai@gmail.com","_firstName":"ngryn","_lastName":"ngryn","globalRole":"global:owner","workflowId":"StmExRftk0QiRcCu","workflowName":"My workflow"}}
{"__type":"$$EventMessageConfirm","confirm":"305a8a5f-6853-437d-a8ae-03ee21a031f7","ts":"2026-06-29T09:51:08.783+00:00","source":{"id":"0","name":"eventBus"}}
{"__type":"$$EventMessageAudit","id":"00aedae9-e8a2-41f4-9988-cb0e3028afb7","ts":"2026-06-29T09:51:19.989+00:00","eventName":"n8n.audit.workflow.updated","message":"n8n.audit.workflow.updated","payload":{"userId":"f7035a6e-1274-42c0-9498-b056fa63d1c7","_email":"ngrynai@gmail.com","_firstName":"ngryn","_lastName":"ngryn","globalRole":"global:owner","workflowId":"StmExRftk0QiRcCu","workflowName":"My workflow"}}
{"__type":"$$EventMessageConfirm","confirm":"00aedae9-e8a2-41f4-9988-cb0e3028afb7","ts":"2026-06-29T09:51:19.989+00:00","source":{"id":"0","name":"eventBus"}}
{"__type":"$$EventMessageAudit","id":"23e395bc-ad51-440d-881d-2a98bc923d7f","ts":"2026-06-29T09:51:27.897+00:00","eventName":"n8n.audit.workflow.updated","message":"n8n.audit.workflow.updated","payload":{"userId":"f7035a6e-1274-42c0-9498-b056fa63d1c7","_email":"ngrynai@gmail.com","_firstName":"ngryn","_lastName":"ngryn","globalRole":"global:owner","workflowId":"StmExRftk0QiRcCu","workflowName":"My workflow"}}
{"__type":"$$EventMessageConfirm","confirm":"23e395bc-ad51-440d-881d-2a98bc923d7f","ts":"2026-06-29T09:51:27.897+00:00","source":{"id":"0","name":"eventBus"}}
{"__type":"$$EventMessageAudit","id":"2d5cd7a5-9a66-4f06-bc1a-d9092bfa4b14","ts":"2026-06-29T09:51:39.178+00:00","eventName":"n8n.audit.workflow.updated","message":"n8n.audit.workflow.updated","payload":{"userId":"f7035a6e-1274-42c0-9498-b056fa63d1c7","_email":"ngrynai@gmail.com","_firstName":"ngryn","_lastName":"ngryn","globalRole":"global:owner","workflowId":"StmExRftk0QiRcCu","workflowName":"My workflow"}}
{"__type":"$$EventMessageConfirm","confirm":"2d5cd7a5-9a66-4f06-bc1a-d9092bfa4b14","ts":"2026-06-29T09:51:39.179+00:00","source":{"id":"0","name":"eventBus"}}
{"__type":"$$EventMessageAudit","id":"39a93814-09df-486b-80ff-907e90088928","ts":"2026-06-29T09:51:43.260+00:00","eventName":"n8n.audit.workflow.updated","message":"n8n.audit.workflow.updated","payload":{"userId":"f7035a6e-1274-42c0-9498-b056fa63d1c7","_email":"ngrynai@gmail.com","_firstName":"ngryn","_lastName":"ngryn","globalRole":"global:owner","workflowId":"StmExRftk0QiRcCu","workflowName":"My workflow"}}
{"__type":"$$EventMessageConfirm","confirm":"39a93814-09df-486b-80ff-907e90088928","ts":"2026-06-29T09:51:43.260+00:00","source":{"id":"0","name":"eventBus"}}
{"__type":"$$EventMessageAudit","id":"4054e61b-b2e9-41f5-bc40-631b129eacac","ts":"2026-06-29T09:52:32.138+00:00","eventName":"n8n.audit.workflow.updated","message":"n8n.audit.workflow.updated","payload":{"userId":"f7035a6e-1274-42c0-9498-b056fa63d1c7","_email":"ngrynai@gmail.com","_firstName":"ngryn","_lastName":"ngryn","globalRole":"global:owner","workflowId":"StmExRftk0QiRcCu","workflowName":"My workflow"}}
{"__type":"$$EventMessageConfirm","confirm":"4054e61b-b2e9-41f5-bc40-631b129eacac","ts":"2026-06-29T09:52:32.138+00:00","source":{"id":"0","name":"eventBus"}}
{"__type":"$$EventMessageAudit","id":"5fb74727-d13f-4aa7-b95e-edf1fa5d4e74","ts":"2026-06-29T09:52:34.068+00:00","eventName":"n8n.audit.workflow.updated","message":"n8n.audit.workflow.updated","payload":{"userId":"f7035a6e-1274-42c0-9498-b056fa63d1c7","_email":"ngrynai@gmail.com","_firstName":"ngryn","_lastName":"ngryn","globalRole":"global:owner","workflowId":"StmExRftk0QiRcCu","workflowName":"My workflow"}}
{"__type":"$$EventMessageConfirm","confirm":"5fb74727-d13f-4aa7-b95e-edf1fa5d4e74","ts":"2026-06-29T09:52:34.068+00:00","source":{"id":"0","name":"eventBus"}}
{"__type":"$$EventMessageAudit","id":"b947f8e5-b817-4610-83ce-025dda0e5f59","ts":"2026-06-29T09:52:37.507+00:00","eventName":"n8n.audit.workflow.updated","message":"n8n.audit.workflow.updated","payload":{"userId":"f7035a6e-1274-42c0-9498-b056fa63d1c7","_email":"ngrynai@gmail.com","_firstName":"ngryn","_lastName":"ngryn","globalRole":"global:owner","workflowId":"StmExRftk0QiRcCu","workflowName":"My workflow"}}
{"__type":"$$EventMessageConfirm","confirm":"b947f8e5-b817-4610-83ce-025dda0e5f59","ts":"2026-06-29T09:52:37.507+00:00","source":{"id":"0","name":"eventBus"}}
{"__type":"$$EventMessageAudit","id":"215d8d8a-76c0-406f-ae71-be0a15ba893e","ts":"2026-06-29T09:52:45.275+00:00","eventName":"n8n.audit.workflow.updated","message":"n8n.audit.workflow.updated","payload":{"userId":"f7035a6e-1274-42c0-9498-b056fa63d1c7","_email":"ngrynai@gmail.com","_firstName":"ngryn","_lastName":"ngryn","globalRole":"global:owner","workflowId":"StmExRftk0QiRcCu","workflowName":"My workflow"}}
{"__type":"$$EventMessageConfirm","confirm":"215d8d8a-76c0-406f-ae71-be0a15ba893e","ts":"2026-06-29T09:52:45.275+00:00","source":{"id":"0","name":"eventBus"}}
{"__type":"$$EventMessageAudit","id":"da56e87f-0aeb-4222-9876-6854a4de8863","ts":"2026-06-29T09:52:47.306+00:00","eventName":"n8n.audit.workflow.updated","message":"n8n.audit.workflow.updated","payload":{"userId":"f7035a6e-1274-42c0-9498-b056fa63d1c7","_email":"ngrynai@gmail.com","_firstName":"ngryn","_lastName":"ngryn","globalRole":"global:owner","workflowId":"StmExRftk0QiRcCu","workflowName":"My workflow"}}
{"__type":"$$EventMessageConfirm","confirm":"da56e87f-0aeb-4222-9876-6854a4de8863","ts":"2026-06-29T09:52:47.306+00:00","source":{"id":"0","name":"eventBus"}}
{"__type":"$$EventMessageAudit","id":"1f4a9bd9-69fe-4573-9bcf-19c5c2c8f456","ts":"2026-06-29T09:52:53.986+00:00","eventName":"n8n.audit.workflow.updated","message":"n8n.audit.workflow.updated","payload":{"userId":"f7035a6e-1274-42c0-9498-b056fa63d1c7","_email":"ngrynai@gmail.com","_firstName":"ngryn","_lastName":"ngryn","globalRole":"global:owner","workflowId":"StmExRftk0QiRcCu","workflowName":"My workflow"}}
{"__type":"$$EventMessageConfirm","confirm":"1f4a9bd9-69fe-4573-9bcf-19c5c2c8f456","ts":"2026-06-29T09:52:53.986+00:00","source":{"id":"0","name":"eventBus"}}
{"__type":"$$EventMessageAudit","id":"5f5aa7b0-27de-4635-a91e-5eeab5acc228","ts":"2026-06-29T09:53:01.011+00:00","eventName":"n8n.audit.workflow.updated","message":"n8n.audit.workflow.updated","payload":{"userId":"f7035a6e-1274-42c0-9498-b056fa63d1c7","_email":"ngrynai@gmail.com","_firstName":"ngryn","_lastName":"ngryn","globalRole":"global:owner","workflowId":"StmExRftk0QiRcCu","workflowName":"My workflow"}}
{"__type":"$$EventMessageConfirm","confirm":"5f5aa7b0-27de-4635-a91e-5eeab5acc228","ts":"2026-06-29T09:53:01.011+00:00","source":{"id":"0","name":"eventBus"}}
{"__type":"$$EventMessageAudit","id":"f79be8c0-839d-43f4-86af-701bde059bc7","ts":"2026-06-29T09:53:04.698+00:00","eventName":"n8n.audit.workflow.updated","message":"n8n.audit.workflow.updated","payload":{"userId":"f7035a6e-1274-42c0-9498-b056fa63d1c7","_email":"ngrynai@gmail.com","_firstName":"ngryn","_lastName":"ngryn","globalRole":"global:owner","workflowId":"StmExRftk0QiRcCu","workflowName":"My workflow"}}
{"__type":"$$EventMessageConfirm","confirm":"f79be8c0-839d-43f4-86af-701bde059bc7","ts":"2026-06-29T09:53:04.698+00:00","source":{"id":"0","name":"eventBus"}}
{"__type":"$$EventMessageAudit","id":"ce964f5b-d199-455d-aec9-ef1d29576acd","ts":"2026-06-29T09:53:09.055+00:00","eventName":"n8n.audit.workflow.updated","message":"n8n.audit.workflow.updated","payload":{"userId":"f7035a6e-1274-42c0-9498-b056fa63d1c7","_email":"ngrynai@gmail.com","_firstName":"ngryn","_lastName":"ngryn","globalRole":"global:owner","workflowId":"StmExRftk0QiRcCu","workflowName":"My workflow"}}
{"__type":"$$EventMessageConfirm","confirm":"ce964f5b-d199-455d-aec9-ef1d29576acd","ts":"2026-06-29T09:53:09.055+00:00","source":{"id":"0","name":"eventBus"}}
{"__type":"$$EventMessageAudit","id":"5d5949ef-47e5-4f2b-837b-451fc20cd8ff","ts":"2026-06-29T09:54:14.942+00:00","eventName":"n8n.audit.workflow.executed","message":"n8n.audit.workflow.executed","payload":{"userId":"f7035a6e-1274-42c0-9498-b056fa63d1c7","_email":"ngrynai@gmail.com","_firstName":"ngryn","_lastName":"ngryn","globalRole":"global:owner","workflowId":"StmExRftk0QiRcCu","workflowName":"My workflow","executionId":"5","source":"user-manual"}}
{"__type":"$$EventMessageConfirm","confirm":"5d5949ef-47e5-4f2b-837b-451fc20cd8ff","ts":"2026-06-29T09:54:14.942+00:00","source":{"id":"0","name":"eventBus"}}
{"__type":"$$EventMessageWorkflow","id":"88a265f0-b0ad-44e6-89b4-d9cc5186f3d8","ts":"2026-06-29T09:54:14.943+00:00","eventName":"n8n.workflow.started","message":"n8n.workflow.started","payload":{"executionId":"5","workflowId":"StmExRftk0QiRcCu","isManual":false,"mode":"manual","workflowName":"My workflow","projectId":"D07tMhCMaoQyoWQT","projectName":"ngryn ngryn <ngrynai@gmail.com>"}}
{"__type":"$$EventMessageConfirm","confirm":"88a265f0-b0ad-44e6-89b4-d9cc5186f3d8","ts":"2026-06-29T09:54:14.943+00:00","source":{"id":"0","name":"eventBus"}}
{"__type":"$$EventMessageNode","id":"b744babd-7925-4830-890d-9baf6054ec4b","ts":"2026-06-29T09:54:14.957+00:00","eventName":"n8n.node.started","message":"n8n.node.started","payload":{"workflowId":"StmExRftk0QiRcCu","workflowName":"My workflow","executionId":"5","nodeType":"n8n-nodes-base.httpRequest","nodeName":"HTTP Request","nodeId":"206b122c-80a9-4975-a946-0abfa5d56f56"}}
{"__type":"$$EventMessageConfirm","confirm":"b744babd-7925-4830-890d-9baf6054ec4b","ts":"2026-06-29T09:54:14.957+00:00","source":{"id":"0","name":"eventBus"}}
{"__type":"$$EventMessageNode","id":"1c23babe-3c26-4fe5-8898-db73128993f0","ts":"2026-06-29T09:54:15.842+00:00","eventName":"n8n.node.finished","message":"n8n.node.finished","payload":{"workflowId":"StmExRftk0QiRcCu","workflowName":"My workflow","executionId":"5","nodeType":"n8n-nodes-base.httpRequest","nodeName":"HTTP Request","nodeId":"206b122c-80a9-4975-a946-0abfa5d56f56"}}
{"__type":"$$EventMessageConfirm","confirm":"1c23babe-3c26-4fe5-8898-db73128993f0","ts":"2026-06-29T09:54:15.842+00:00","source":{"id":"0","name":"eventBus"}}
{"__type":"$$EventMessageWorkflow","id":"bb8c1f1c-5b7d-4f29-b971-b8241c48c5c4","ts":"2026-06-29T09:54:15.844+00:00","eventName":"n8n.workflow.failed","message":"n8n.workflow.failed","payload":{"userId":"f7035a6e-1274-42c0-9498-b056fa63d1c7","executionId":"5","success":false,"isManual":true,"mode":"manual","workflowId":"StmExRftk0QiRcCu","workflowName":"My workflow","projectId":"D07tMhCMaoQyoWQT","projectName":"ngryn ngryn <ngrynai@gmail.com>","lastNodeExecuted":"HTTP Request","errorNodeType":"n8n-nodes-base.httpRequest","errorMessage":"Bad request - please check your parameters"}}
{"__type":"$$EventMessageConfirm","confirm":"bb8c1f1c-5b7d-4f29-b971-b8241c48c5c4","ts":"2026-06-29T09:54:15.844+00:00","source":{"id":"0","name":"eventBus"}}
{"__type":"$$EventMessageAudit","id":"9dd08bfe-fd76-47f7-ae17-0884e67c8b30","ts":"2026-06-29T09:54:51.627+00:00","eventName":"n8n.audit.workflow.updated","message":"n8n.audit.workflow.updated","payload":{"userId":"f7035a6e-1274-42c0-9498-b056fa63d1c7","_email":"ngrynai@gmail.com","_firstName":"ngryn","_lastName":"ngryn","globalRole":"global:owner","workflowId":"StmExRftk0QiRcCu","workflowName":"My workflow"}}
{"__type":"$$EventMessageConfirm","confirm":"9dd08bfe-fd76-47f7-ae17-0884e67c8b30","ts":"2026-06-29T09:54:51.627+00:00","source":{"id":"0","name":"eventBus"}}
{"__type":"$$EventMessageAudit","id":"05a1dcde-2b8c-4924-8e3c-48f177d774d8","ts":"2026-06-29T09:58:36.216+00:00","eventName":"n8n.audit.workflow.updated","message":"n8n.audit.workflow.updated","payload":{"userId":"f7035a6e-1274-42c0-9498-b056fa63d1c7","_email":"ngrynai@gmail.com","_firstName":"ngryn","_lastName":"ngryn","globalRole":"global:owner","workflowId":"StmExRftk0QiRcCu","workflowName":"My workflow"}}
{"__type":"$$EventMessageConfirm","confirm":"05a1dcde-2b8c-4924-8e3c-48f177d774d8","ts":"2026-06-29T09:58:36.216+00:00","source":{"id":"0","name":"eventBus"}}
{"__type":"$$EventMessageAudit","id":"c856929e-9311-4ed4-a58f-2cd23806e269","ts":"2026-06-29T09:58:38.465+00:00","eventName":"n8n.audit.workflow.updated","message":"n8n.audit.workflow.updated","payload":{"userId":"f7035a6e-1274-42c0-9498-b056fa63d1c7","_email":"ngrynai@gmail.com","_firstName":"ngryn","_lastName":"ngryn","globalRole":"global:owner","workflowId":"StmExRftk0QiRcCu","workflowName":"My workflow"}}
{"__type":"$$EventMessageConfirm","confirm":"c856929e-9311-4ed4-a58f-2cd23806e269","ts":"2026-06-29T09:58:38.465+00:00","source":{"id":"0","name":"eventBus"}}
{"__type":"$$EventMessageAudit","id":"7ee1fa1b-e950-4f40-8a8f-08258e64d756","ts":"2026-06-29T09:58:45.360+00:00","eventName":"n8n.audit.workflow.updated","message":"n8n.audit.workflow.updated","payload":{"userId":"f7035a6e-1274-42c0-9498-b056fa63d1c7","_email":"ngrynai@gmail.com","_firstName":"ngryn","_lastName":"ngryn","globalRole":"global:owner","workflowId":"StmExRftk0QiRcCu","workflowName":"My workflow"}}
{"__type":"$$EventMessageConfirm","confirm":"7ee1fa1b-e950-4f40-8a8f-08258e64d756","ts":"2026-06-29T09:58:45.360+00:00","source":{"id":"0","name":"eventBus"}}
{"__type":"$$EventMessageAudit","id":"76a14e05-3a91-483f-8889-a5a03672c434","ts":"2026-06-29T09:59:09.458+00:00","eventName":"n8n.audit.workflow.updated","message":"n8n.audit.workflow.updated","payload":{"userId":"f7035a6e-1274-42c0-9498-b056fa63d1c7","_email":"ngrynai@gmail.com","_firstName":"ngryn","_lastName":"ngryn","globalRole":"global:owner","workflowId":"StmExRftk0QiRcCu","workflowName":"My workflow"}}
{"__type":"$$EventMessageConfirm","confirm":"76a14e05-3a91-483f-8889-a5a03672c434","ts":"2026-06-29T09:59:09.458+00:00","source":{"id":"0","name":"eventBus"}}
{"__type":"$$EventMessageAudit","id":"6915c0bc-869d-4be8-a5e4-d30f57f9b832","ts":"2026-06-29T09:59:21.939+00:00","eventName":"n8n.audit.workflow.updated","message":"n8n.audit.workflow.updated","payload":{"userId":"f7035a6e-1274-42c0-9498-b056fa63d1c7","_email":"ngrynai@gmail.com","_firstName":"ngryn","_lastName":"ngryn","globalRole":"global:owner","workflowId":"StmExRftk0QiRcCu","workflowName":"My workflow"}}
{"__type":"$$EventMessageConfirm","confirm":"6915c0bc-869d-4be8-a5e4-d30f57f9b832","ts":"2026-06-29T09:59:21.939+00:00","source":{"id":"0","name":"eventBus"}}
{"__type":"$$EventMessageAudit","id":"13c99e0b-c610-460b-b7a9-9af27bd5a144","ts":"2026-06-29T09:59:24.877+00:00","eventName":"n8n.audit.workflow.updated","message":"n8n.audit.workflow.updated","payload":{"userId":"f7035a6e-1274-42c0-9498-b056fa63d1c7","_email":"ngrynai@gmail.com","_firstName":"ngryn","_lastName":"ngryn","globalRole":"global:owner","workflowId":"StmExRftk0QiRcCu","workflowName":"My workflow"}}
{"__type":"$$EventMessageConfirm","confirm":"13c99e0b-c610-460b-b7a9-9af27bd5a144","ts":"2026-06-29T09:59:24.877+00:00","source":{"id":"0","name":"eventBus"}}
{"__type":"$$EventMessageAudit","id":"8f9ba8c5-a62b-4bce-8892-b2f45e372ee1","ts":"2026-06-29T09:59:33.138+00:00","eventName":"n8n.audit.workflow.updated","message":"n8n.audit.workflow.updated","payload":{"userId":"f7035a6e-1274-42c0-9498-b056fa63d1c7","_email":"ngrynai@gmail.com","_firstName":"ngryn","_lastName":"ngryn","globalRole":"global:owner","workflowId":"StmExRftk0QiRcCu","workflowName":"My workflow"}}
{"__type":"$$EventMessageConfirm","confirm":"8f9ba8c5-a62b-4bce-8892-b2f45e372ee1","ts":"2026-06-29T09:59:33.138+00:00","source":{"id":"0","name":"eventBus"}}
{"__type":"$$EventMessageAudit","id":"71a6fc1b-a081-48f9-aae9-2b1e7628210a","ts":"2026-06-29T09:59:35.939+00:00","eventName":"n8n.audit.workflow.updated","message":"n8n.audit.workflow.updated","payload":{"userId":"f7035a6e-1274-42c0-9498-b056fa63d1c7","_email":"ngrynai@gmail.com","_firstName":"ngryn","_lastName":"ngryn","globalRole":"global:owner","workflowId":"StmExRftk0QiRcCu","workflowName":"My workflow"}}
{"__type":"$$EventMessageConfirm","confirm":"71a6fc1b-a081-48f9-aae9-2b1e7628210a","ts":"2026-06-29T09:59:35.939+00:00","source":{"id":"0","name":"eventBus"}}
{"__type":"$$EventMessageAudit","id":"8d1c7e4f-6e2b-4650-887d-28fc577e4939","ts":"2026-06-29T09:59:39.088+00:00","eventName":"n8n.audit.workflow.executed","message":"n8n.audit.workflow.executed","payload":{"userId":"f7035a6e-1274-42c0-9498-b056fa63d1c7","_email":"ngrynai@gmail.com","_firstName":"ngryn","_lastName":"ngryn","globalRole":"global:owner","workflowId":"StmExRftk0QiRcCu","workflowName":"My workflow","executionId":"6","source":"user-manual"}}
{"__type":"$$EventMessageConfirm","confirm":"8d1c7e4f-6e2b-4650-887d-28fc577e4939","ts":"2026-06-29T09:59:39.088+00:00","source":{"id":"0","name":"eventBus"}}
{"__type":"$$EventMessageWorkflow","id":"168a6d40-5493-4111-bb04-00c2fda9c0dd","ts":"2026-06-29T09:59:39.089+00:00","eventName":"n8n.workflow.started","message":"n8n.workflow.started","payload":{"executionId":"6","workflowId":"StmExRftk0QiRcCu","isManual":false,"mode":"manual","workflowName":"My workflow","projectId":"D07tMhCMaoQyoWQT","projectName":"ngryn ngryn <ngrynai@gmail.com>"}}
{"__type":"$$EventMessageConfirm","confirm":"168a6d40-5493-4111-bb04-00c2fda9c0dd","ts":"2026-06-29T09:59:39.089+00:00","source":{"id":"0","name":"eventBus"}}
{"__type":"$$EventMessageNode","id":"534d4357-63f4-4d01-836c-52cd046c0446","ts":"2026-06-29T09:59:39.102+00:00","eventName":"n8n.node.started","message":"n8n.node.started","payload":{"workflowId":"StmExRftk0QiRcCu","workflowName":"My workflow","executionId":"6","nodeType":"n8n-nodes-base.httpRequest","nodeName":"HTTP Request","nodeId":"206b122c-80a9-4975-a946-0abfa5d56f56"}}
{"__type":"$$EventMessageConfirm","confirm":"534d4357-63f4-4d01-836c-52cd046c0446","ts":"2026-06-29T09:59:39.102+00:00","source":{"id":"0","name":"eventBus"}}
{"__type":"$$EventMessageNode","id":"ea61c1ea-023b-4494-b101-d6643d634795","ts":"2026-06-29T09:59:39.869+00:00","eventName":"n8n.node.finished","message":"n8n.node.finished","payload":{"workflowId":"StmExRftk0QiRcCu","workflowName":"My workflow","executionId":"6","nodeType":"n8n-nodes-base.httpRequest","nodeName":"HTTP Request","nodeId":"206b122c-80a9-4975-a946-0abfa5d56f56"}}
{"__type":"$$EventMessageConfirm","confirm":"ea61c1ea-023b-4494-b101-d6643d634795","ts":"2026-06-29T09:59:39.869+00:00","source":{"id":"0","name":"eventBus"}}
{"__type":"$$EventMessageWorkflow","id":"b8ed0fca-dfd5-406a-9f10-ce2a7b0c49fe","ts":"2026-06-29T09:59:39.872+00:00","eventName":"n8n.workflow.failed","message":"n8n.workflow.failed","payload":{"userId":"f7035a6e-1274-42c0-9498-b056fa63d1c7","executionId":"6","success":false,"isManual":true,"mode":"manual","workflowId":"StmExRftk0QiRcCu","workflowName":"My workflow","projectId":"D07tMhCMaoQyoWQT","projectName":"ngryn ngryn <ngrynai@gmail.com>","lastNodeExecuted":"HTTP Request","errorNodeType":"n8n-nodes-base.httpRequest","errorMessage":"The service is receiving too many requests from you"}}
{"__type":"$$EventMessageConfirm","confirm":"b8ed0fca-dfd5-406a-9f10-ce2a7b0c49fe","ts":"2026-06-29T09:59:39.872+00:00","source":{"id":"0","name":"eventBus"}}
